// Jest Snapshot v1, https://goo.gl/fbAQLP

exports[`<SearchCategoriesComponent /> should render search categories component 1`] = `
<WithStyles(Grid)
  container={true}
  spacing={40}
>
  <WithStyles(Grid)
    item={true}
    sm={12}
  >
    <WithStyles(Typography)
      gutterBottom={true}
      inline={true}
      variant="button"
    >
      Search by:
    </WithStyles(Typography)>
    <WithStyles(Button)
      color="primary"
      id="search-by-title"
      onClick={[MockFunction]}
      size="small"
      value="title"
      variant="outlined"
    >
      Title
    </WithStyles(Button)>
    <WithStyles(Button)
      color="primary"
      onClick={[MockFunction]}
      size="small"
      value="genres"
      variant="outlined"
    >
      Genre
    </WithStyles(Button)>
  </WithStyles(Grid)>
</WithStyles(Grid)>
`;
