// Jest Snapshot v1, https://goo.gl/fbAQLP

exports[`<SearchPanelComponent /> should render search panel component 1`] = `
<WithStyles(Grid)
  container={true}
  spacing={40}
>
  <WithStyles(Grid)
    item={true}
    xs={12}
  >
    <WithStyles(Paper)
      elevation={1}
    >
      <WithStyles(SearchInputSubmitComponent)
        onSubmit={[MockFunction]}
        pathname="/"
        searchBy="title"
      />
      <WithStyles(SearchCategoriesComponent)
        handleSearchByChange={[Function]}
        searchBy="title"
      />
    </WithStyles(Paper)>
  </WithStyles(Grid)>
</WithStyles(Grid)>
`;
